Starting server...
powershell : Start-Process : Parameters "-NoNewWindow" and "-WindowStyle" 
cannot be 
At line:1 char:64
+ ... ilfinder" ; powershell -NoProfile -ExecutionPolicy Bypass -File test- ...
+                 ~~~~~~~~~~~~~~~~~~~~~~~~~~~~~~~~~~~~~~~~~~~~~~~~~~~~~~~~~
    + CategoryInfo          : NotSpecified: (Start-Process :...yle" cannot be  
   :String) [], RemoteException
    + FullyQualifiedErrorId : NativeCommandError
 
specified at the same time.
At C:\Users\Xponent Info System\Documents\site\emailfinder\test-workflow.ps1:3 
char:18
+ ... erProcess = Start-Process -FilePath "node" -ArgumentList "server.js"  ...
+                 ~~~~~~~~~~~~~~~~~~~~~~~~~~~~~~~~~~~~~~~~~~~~~~~~~~~~~~~~~
    + CategoryInfo          : InvalidOperation: (:) [Start-Process], InvalidOp 
   erationException
    + FullyQualifiedErrorId : InvalidOperationException,Microsoft.PowerShell.C 
   ommands.StartProcessCommand
 
Server PID: 

=== TEST 1: Submit URL ===
Response:
{"success":true,"message":"URL added to processing queue","url":"https://example.com"}

=== TEST 2: Wait for processing (should see worker logs) ===
Waiting 8 seconds for crawler to process...

=== TEST 3: Check Results ===
Results received: 0 items
NO RESULTS FOUND!

=== Checking results.json file ===
results.json exists: 0 bytes
First 3 lines:

=== Cleanup ===
Stopping server (PID: )...
Stop-Process : Cannot bind argument to parameter 'Id' because it is null.
At C:\Users\Xponent Info 
System\Documents\site\emailfinder\test-workflow.ps1:49 char:18
+ Stop-Process -Id $serverProcess.Id -Force
+                  ~~~~~~~~~~~~~~~~~
    + CategoryInfo          : InvalidData: (:) [Stop-Process], ParameterBindin 
   gValidationException
    + FullyQualifiedErrorId : ParameterArgumentValidationErrorNullNotAllowed,M 
   icrosoft.PowerShell.Commands.StopProcessCommand
 
Done!
